=== Code Analysis Report ===

Generated: 2024-10-31 09:39:06



```json
{
  "description": "Here are some suggestions for improving the given Python code. These suggestions focus on error handling, testing, code structure, and performance.",
  "suggestions": [
    {
      "message": "Use context managers for file handling.",
      "code": "with open('filename.txt', 'w') as file:\n    file.write('some text')"
    },
    {
      "message": "Add type hints for function arguments and return types.",
      "code": "def analyze_file(self, file_path: str) -> dict[str, int]: ...\n"
    },
    {
      "message": "Separate analysis and reporting to separate functions.",
      "code": "def analyze_and_report(self, file_path: str, report_path: str):\n    result = self.analyze_file(file_path)\n    self.print_analysis(result)\n    self.save_report(result, report_path)"
    },
    {
      "message": "Use a logging library instead of print statements.",
      "code": "import logging\nlogging.basicConfig(level=logging.INFO)\nlogging.info('Analyzing code_analyzer.py:')"
    },
    {
      "message": "Add error handling for file access issues.",
      "code": "try:\n    result = analyzer.analyze_file('src/code_analyzer.py')\nexcept FileNotFoundError:\n    print('File not found.')"
    },
    {
      "message": "Add unit tests for the CodeAnalyzer class.",
      "code": "import unittest\nclass TestCodeAnalyzer(unittest.TestCase):\n    def test_analyze_file(self):\n        analyzer = CodeAnalyzer()\n        result = analyzer.analyze_file('src/code_analyzer.py')\n        # Add assertions here\n\nif __name__ == '__main__':\n    unittest.main()"
    }
  ]
}
```